package com.google.test

import com.google.TestProto
import com.google.android.libraries.pcc.chronicle.api.optics.Lens
import com.google.android.libraries.pcc.chronicle.api.optics.OpticalAccessPath
import kotlin.String
import kotlin.collections.List
import kotlin.jvm.JvmField

@JvmField
public val TEST_PROTO_LIST_FIELD_GENERATED_LENS:
    Lens<TestProto, TestProto, List<String>, List<String>> = Lens.create<TestProto, List<String>>(
  focusAccessPath = OpticalAccessPath("proto.TestProto", "listField"),
  getter = { entity ->
    entity.listFieldList
  },
  setter = { entity, newValue ->
    entity.toBuilder()
      .apply {
        clearListField()
        addAllListField(newValue)
      }
      .build()
  }
)
