package com.google.test

import com.google.TestProto
import com.google.android.libraries.pcc.chronicle.api.optics.Lens
import com.google.android.libraries.pcc.chronicle.api.optics.OpticalAccessPath
import kotlin.Long
import kotlin.String
import kotlin.collections.Map
import kotlin.jvm.JvmField

@JvmField
public val TEST_PROTO_MAP_FIELD_GENERATED_LENS:
    Lens<TestProto, TestProto, Map<String, Long>, Map<String, Long>> = Lens.create<TestProto,
    Map<String, Long>>(
  focusAccessPath = OpticalAccessPath("proto.TestProto", "mapField"),
  getter = { entity ->
    entity.mapFieldMap
  },
  setter = { entity, newValue ->
    entity.toBuilder()
      .apply {
        clearMapField()
        putAllMapField(newValue)
      }
      .build()
  }
)
