package com.google.test

import com.google.TestProto
import com.google.android.libraries.pcc.chronicle.api.optics.Lens
import com.google.android.libraries.pcc.chronicle.api.optics.OpticalAccessPath
import kotlin.jvm.JvmField

@JvmField
public val TEST_PROTO_NESTED_FIELD_GENERATED_LENS: Lens<TestProto, TestProto, TestProto, TestProto>
    = Lens.create<TestProto, TestProto>(
  focusAccessPath = OpticalAccessPath("proto.TestProto", "nestedField"),
  getter = { entity ->
    entity.nestedField
  },
  setter = { entity, newValue ->
    entity.toBuilder()
      .apply {
        nestedField = newValue
      }
      .build()
  }
)
