package com.google.test

import com.google.TestProto
import com.google.android.libraries.pcc.chronicle.api.optics.Lens
import com.google.android.libraries.pcc.chronicle.api.optics.OpticalAccessPath
import kotlin.Int
import kotlin.jvm.JvmField

@JvmField
public val TEST_PROTO_NULLABLE_INT_FIELD_GENERATED_LENS: Lens<TestProto, TestProto, Int?, Int?> =
    Lens.create<TestProto, Int?>(
  focusAccessPath = OpticalAccessPath("proto.TestProto", "nullableIntField"),
  getter = { entity ->
    if (entity.hasNullableIntField()) {
      entity.nullableIntField
    } else {
      null
    }
  },
  setter = { entity, newValue ->
    entity.toBuilder()
      .apply {
        nullableIntField = requireNotNull(newValue) {
            "Optional proto field: nullableIntField may only take on non-null values." }
      }
      .build()
  }
)
