package com.google.test

import com.google.TestProto
import com.google.android.libraries.pcc.chronicle.api.optics.Lens
import com.google.android.libraries.pcc.chronicle.api.optics.OpticalAccessPath
import kotlin.String
import kotlin.jvm.JvmField

@JvmField
public val TEST_PROTO_STRING_FIELD_GENERATED_LENS: Lens<TestProto, TestProto, String, String> =
    Lens.create<TestProto, String>(
  focusAccessPath = OpticalAccessPath("proto.TestProto", "stringField"),
  getter = { entity ->
    entity.stringField
  },
  setter = { entity, newValue ->
    entity.toBuilder()
      .apply {
        stringField = newValue
      }
      .build()
  }
)
